node : (node:2172) ExperimentalWarning: 
VM Modules is an experimental feature 
and might change at any time
At line:1 char:1
+ node --experimental-vm-modules 
node_modules/jest/bin/jest.js __tests_ 
...
+ ~~~~~~~~~~~~~~~~~~~~~~~~~~~~~~~~~~~~~~~
~~~~~~~~~~~~~~~~~~~~~~~~~~~~~~
    + CategoryInfo          : NotSpecifi 
   ed: ((node:2172) Exp...nge at any ti  
  me:String) [], RemoteException
    + FullyQualifiedErrorId : NativeComm 
   andError
 
(Use `node --trace-warnings ...` to show 
where the warning was created)
FAIL __tests__/authController.test.js
  Auth Controller Unit Tests
    Register Function
      ├ù should register a new user 
successfully (4 ms)
      ├ù should fail if user already 
exists and is verified (1 ms)
    Login Function
      ├ù should login successfully with 
valid credentials (1 ms)
    Verify OTP Function
      ├ù should verify email with 
correct OTP
      ├ù should fail with incorrect OTP 
(1 ms)

  ΓùÅ Auth Controller Unit Tests ΓÇ║ 
Register Function ΓÇ║ should register a 
new user successfully

    SyntaxError: The requested module 
'nodemailer' does not provide an export 
named 'default'

    [0m [90m 41 |[39m   
beforeAll([36masync[39m () 
[33m=>[39m {
     [90m 42 |[39m     [90m// Import 
after mocking in beforeAll[39m
    [31m[1m>[22m[39m[90m 43 |[39m  
   ({ register[33m,[39m 
login[33m,[39m verifyOTP } [33m=[39m 
[36mawait[39m [36mimport[39m([32m"..
/controllers/authController.js"[39m))[3
3m;[39m
     [90m    |[39m                     
                  [31m[1m^[22m[39m
     [90m 44 |[39m     ({ 
[33mUser[39m } [33m=[39m 
[36mawait[39m [36mimport[39m([32m"..
/models/userModel.js"[39m))[33m;[39m
     [90m 45 |[39m     ({ 
sendVerificationCode } [33m=[39m 
[36mawait[39m [36mimport[39m([32m"..
/utils/sendVerificationCode.js"[39m))[3
3m;[39m
     [90m 46 |[39m     ({ sendToken } 
[33m=[39m [36mawait[39m [36mimport[
39m([32m"../utils/sendToken.js"[39m))[
33m;[39m[0m

      at Runtime.linkAndEvaluateModule (n
ode_modules/jest-runtime/build/index.js:7
08:5)
      at Object.<anonymous> 
(__tests__/authController.test.js:43:39)

  ΓùÅ Auth Controller Unit Tests ΓÇ║ 
Register Function ΓÇ║ should fail if 
user already exists and is verified

    SyntaxError: The requested module 
'nodemailer' does not provide an export 
named 'default'

    [0m [90m 41 |[39m   
beforeAll([36masync[39m () 
[33m=>[39m {
     [90m 42 |[39m     [90m// Import 
after mocking in beforeAll[39m
    [31m[1m>[22m[39m[90m 43 |[39m  
   ({ register[33m,[39m 
login[33m,[39m verifyOTP } [33m=[39m 
[36mawait[39m [36mimport[39m([32m"..
/controllers/authController.js"[39m))[3
3m;[39m
     [90m    |[39m                     
                  [31m[1m^[22m[39m
     [90m 44 |[39m     ({ 
[33mUser[39m } [33m=[39m 
[36mawait[39m [36mimport[39m([32m"..
/models/userModel.js"[39m))[33m;[39m
     [90m 45 |[39m     ({ 
sendVerificationCode } [33m=[39m 
[36mawait[39m [36mimport[39m([32m"..
/utils/sendVerificationCode.js"[39m))[3
3m;[39m
     [90m 46 |[39m     ({ sendToken } 
[33m=[39m [36mawait[39m [36mimport[
39m([32m"../utils/sendToken.js"[39m))[
33m;[39m[0m

      at Runtime.linkAndEvaluateModule (n
ode_modules/jest-runtime/build/index.js:7
08:5)
      at Object.<anonymous> 
(__tests__/authController.test.js:43:39)

  ΓùÅ Auth Controller Unit Tests ΓÇ║ 
Login Function ΓÇ║ should login 
successfully with valid credentials

    SyntaxError: The requested module 
'nodemailer' does not provide an export 
named 'default'

    [0m [90m 41 |[39m   
beforeAll([36masync[39m () 
[33m=>[39m {
     [90m 42 |[39m     [90m// Import 
after mocking in beforeAll[39m
    [31m[1m>[22m[39m[90m 43 |[39m  
   ({ register[33m,[39m 
login[33m,[39m verifyOTP } [33m=[39m 
[36mawait[39m [36mimport[39m([32m"..
/controllers/authController.js"[39m))[3
3m;[39m
     [90m    |[39m                     
                  [31m[1m^[22m[39m
     [90m 44 |[39m     ({ 
[33mUser[39m } [33m=[39m 
[36mawait[39m [36mimport[39m([32m"..
/models/userModel.js"[39m))[33m;[39m
     [90m 45 |[39m     ({ 
sendVerificationCode } [33m=[39m 
[36mawait[39m [36mimport[39m([32m"..
/utils/sendVerificationCode.js"[39m))[3
3m;[39m
     [90m 46 |[39m     ({ sendToken } 
[33m=[39m [36mawait[39m [36mimport[
39m([32m"../utils/sendToken.js"[39m))[
33m;[39m[0m

      at Runtime.linkAndEvaluateModule (n
ode_modules/jest-runtime/build/index.js:7
08:5)
      at Object.<anonymous> 
(__tests__/authController.test.js:43:39)

  ΓùÅ Auth Controller Unit Tests ΓÇ║ 
Verify OTP Function ΓÇ║ should verify 
email with correct OTP

    SyntaxError: The requested module 
'nodemailer' does not provide an export 
named 'default'

    [0m [90m 41 |[39m   
beforeAll([36masync[39m () 
[33m=>[39m {
     [90m 42 |[39m     [90m// Import 
after mocking in beforeAll[39m
    [31m[1m>[22m[39m[90m 43 |[39m  
   ({ register[33m,[39m 
login[33m,[39m verifyOTP } [33m=[39m 
[36mawait[39m [36mimport[39m([32m"..
/controllers/authController.js"[39m))[3
3m;[39m
     [90m    |[39m                     
                  [31m[1m^[22m[39m
     [90m 44 |[39m     ({ 
[33mUser[39m } [33m=[39m 
[36mawait[39m [36mimport[39m([32m"..
/models/userModel.js"[39m))[33m;[39m
     [90m 45 |[39m     ({ 
sendVerificationCode } [33m=[39m 
[36mawait[39m [36mimport[39m([32m"..
/utils/sendVerificationCode.js"[39m))[3
3m;[39m
     [90m 46 |[39m     ({ sendToken } 
[33m=[39m [36mawait[39m [36mimport[
39m([32m"../utils/sendToken.js"[39m))[
33m;[39m[0m

      at Runtime.linkAndEvaluateModule (n
ode_modules/jest-runtime/build/index.js:7
08:5)
      at Object.<anonymous> 
(__tests__/authController.test.js:43:39)

  ΓùÅ Auth Controller Unit Tests ΓÇ║ 
Verify OTP Function ΓÇ║ should fail with 
incorrect OTP

    SyntaxError: The requested module 
'nodemailer' does not provide an export 
named 'default'

    [0m [90m 41 |[39m   
beforeAll([36masync[39m () 
[33m=>[39m {
     [90m 42 |[39m     [90m// Import 
after mocking in beforeAll[39m
    [31m[1m>[22m[39m[90m 43 |[39m  
   ({ register[33m,[39m 
login[33m,[39m verifyOTP } [33m=[39m 
[36mawait[39m [36mimport[39m([32m"..
/controllers/authController.js"[39m))[3
3m;[39m
     [90m    |[39m                     
                  [31m[1m^[22m[39m
     [90m 44 |[39m     ({ 
[33mUser[39m } [33m=[39m 
[36mawait[39m [36mimport[39m([32m"..
/models/userModel.js"[39m))[33m;[39m
     [90m 45 |[39m     ({ 
sendVerificationCode } [33m=[39m 
[36mawait[39m [36mimport[39m([32m"..
/utils/sendVerificationCode.js"[39m))[3
3m;[39m
     [90m 46 |[39m     ({ sendToken } 
[33m=[39m [36mawait[39m [36mimport[
39m([32m"../utils/sendToken.js"[39m))[
33m;[39m[0m

      at Runtime.linkAndEvaluateModule (n
ode_modules/jest-runtime/build/index.js:7
08:5)
      at Object.<anonymous> 
(__tests__/authController.test.js:43:39)

Test Suites: 1 failed, 1 total
Tests:       5 failed, 5 total
Snapshots:   0 total
Time:        5.185 s
Ran all test suites matching 
/__tests__\\authController.test.js/i.
